=== INTERLEAVED-3 (order-rotated) START Thu Sep 17 01:51:57 CEST 2026 ===
conditions: concurrent downloads active (Flash-Next -> T705, GLM Q6 -> Spark)
-- pass 1 order: mac split gb10 --
   p128 mac: 515.32 2.62
   p128 split: 603.00 4.80
   p128 gb10: 736.19 52.41
   p512 mac: 574.70 31.63
   p512 split: 752.53 2.37
   p512 gb10: 843.11 11.42
   p1024 mac: 618.17 14.62
   p1024 split: 932.22 24.06
   p1024 gb10: 843.30 1.48
   p2048 mac: 639.18 9.35
   p2048 split: 1076.50 14.39
   p2048 gb10: 849.06 0.11
   p4096 mac: 622.24 11.25
   p4096 split: 1144.11 16.10
   p4096 gb10: 836.62 1.45
-- pass 2 order: split gb10 mac --
   p128 split: 592.37 5.22
   p128 gb10: 739.56 41.04
   p128 mac: 506.06 2.45
   p512 split: 730.57 1.74
   p512 gb10: 832.87 16.20
   p512 mac: 591.17 21.92
   p1024 split: 935.05 1.49
   p1024 gb10: 842.99 1.83
   p1024 mac: 696.53 29.32
   p2048 split: 1157.50 1.25
   p2048 gb10: 846.66 0.52
   p2048 mac: 613.12 43.51
   p4096 split: 1178.03 30.32
   p4096 gb10: 835.70 2.79
   p4096 mac: 435.57 7.33
-- pass 3 order: gb10 mac split --
   p128 gb10: 734.10 36.23
   p128 mac: 515.58 1.67
   p128 split: 605.44 2.19
   p512 gb10: 841.26 14.39
   p512 mac: 490.80 10.53
   p512 split: 669.21 51.98
   p1024 gb10: 839.87 4.03
   p1024 mac: 507.88 7.16
   p1024 split: 857.71 66.08
   p2048 gb10: 843.50 1.44
   p2048 mac: 640.45 30.46
   p2048 split: 1152.82 3.43
   p4096 gb10: 839.26 1.30
   p4096 mac: 587.70 4.79
   p4096 split: 1116.96 7.48
-- pass 4 order: mac split gb10 --
   p128 mac: 496.58 1.89
   p128 split: 599.31 10.40
   p128 gb10: 741.68 31.37
   p512 mac: 541.02 20.43
   p512 split: 724.93 2.25
   p512 gb10: 843.73 14.58
   p1024 mac: 599.18 2.36
   p1024 split: 938.89 1.45
   p1024 gb10: 847.22 0.29
   p2048 mac: 608.66 4.02
   p2048 split: 1061.63 36.92
   p2048 gb10: 845.51 1.00
   p4096 mac: 596.41 13.99
   p4096 split: 1111.05 4.67
   p4096 gb10: 815.74 37.45
-- pass 5 order: split gb10 mac --
   p128 split: 589.37 5.88
   p128 gb10: 742.35 32.51
   p128 mac: 497.52 0.89
   p512 split: 732.19 6.20
   p512 gb10: 847.00 8.66
   p512 mac: 636.05 50.95
   p1024 split: 937.61 11.24
   p1024 gb10: 846.35 0.36
   p1024 mac: 633.01 20.58
   p2048 split: 1130.07 5.49
   p2048 gb10: 835.81 16.52
   p2048 mac: 683.51 33.71
   p4096 split: 1179.96 6.49
   p4096 gb10: 823.04 26.23
   p4096 mac: 640.15 12.16
-- pass 6 order: gb10 mac split --
   p128 gb10: 744.41 36.94
   p128 mac: 519.56 0.03
   p128 split: 591.27 28.55
   p512 gb10: 843.23 7.19
   p512 mac: 661.36 48.16
   p512 split: 710.32 28.12
   p1024 gb10: 845.97 2.82
   p1024 mac: 719.34 2.23
   p1024 split: 978.93 0.08
   p2048 gb10: 843.78 2.53
   p2048 mac: 683.67 37.85
   p2048 split: 1128.45 35.23
   p4096 gb10: 834.65 1.44
   p4096 mac: 635.88 3.09
   p4096 split: 1205.53 27.66
=== INTERLEAVED-3 DONE Thu Sep 17 02:11:23 CEST 2026 ===
