{
  "passed": false,
  "transport": "CPU tcp",
  "dtype": "float32",
  "logit_atol": 0.0002,
  "model": "2-block prenorm decoder, embeddings + LM head, greedy",
  "WARNING": "SYNTHETIC WEIGHTS. Generated token IDs are arithmetic, not language. This is not text generation and not a trained-model result. No speed claim is made.",
  "ranks": [
    {
      "rank": 0,
      "device": "cpu",
      "requested": "cpu",
      "torch": "2.11.0",
      "hip": null,
      "cuda": null,
      "host": "Petruss-Mini",
      "layers": 2,
      "heads": 8,
      "local_heads": 4,
      "dim": 128,
      "hidden": 256,
      "local_hidden": 128,
      "vocab": 64,
      "collectives_per_token": 4,
      "collectives_total": 336,
      "cases": [
        {
          "prompt_len": 1,
          "chunks": 1,
          "generated": 8,
          "passed": true,
          "token_ids_match_reference": true,
          "cache_reset_reproducible": true,
          "final_cache_len_ok": true,
          "max_abs_logit_error": 1.2516975402832031e-06,
          "min_top1_top2_margin": 0.06350314617156982,
          "reference_ids": [
            0,
            38,
            27,
            62,
            62,
            60,
            55,
            55
          ],
          "sharded_ids": [
            0,
            38,
            27,
            62,
            62,
            60,
            55,
            55
          ]
        },
        {
          "prompt_len": 5,
          "chunks": 1,
          "generated": 8,
          "passed": false,
          "token_ids_match_reference": false,
          "cache_reset_reproducible": true,
          "final_cache_len_ok": true,
          "max_abs_logit_error": 3.132972240447998,
          "min_top1_top2_margin": 0.08418989181518555,
          "reference_ids": [
            0,
            51,
            62,
            62,
            62,
            62,
            62,
            62
          ],
          "sharded_ids": [
            0,
            51,
            31,
            52,
            60,
            55,
            55,
            55
          ]
        },
        {
          "prompt_len": 5,
          "chunks": 2,
          "generated": 8,
          "passed": false,
          "token_ids_match_reference": false,
          "cache_reset_reproducible": true,
          "final_cache_len_ok": true,
          "max_abs_logit_error": 2.641939878463745,
          "min_top1_top2_margin": 0.08418989181518555,
          "reference_ids": [
            0,
            51,
            62,
            62,
            62,
            62,
            62,
            62
          ],
          "sharded_ids": [
            0,
            55,
            55,
            55,
            55,
            55,
            55,
            55
          ]
        },
        {
          "prompt_len": 17,
          "chunks": 1,
          "generated": 8,
          "passed": false,
          "token_ids_match_reference": true,
          "cache_reset_reproducible": true,
          "final_cache_len_ok": true,
          "max_abs_logit_error": 0.19761480391025543,
          "min_top1_top2_margin": 0.08151364326477051,
          "reference_ids": [
            31,
            53,
            30,
            52,
            60,
            55,
            55,
            55
          ],
          "sharded_ids": [
            31,
            53,
            30,
            52,
            60,
            55,
            55,
            55
          ]
        },
        {
          "prompt_len": 17,
          "chunks": 2,
          "generated": 8,
          "passed": false,
          "token_ids_match_reference": true,
          "cache_reset_reproducible": true,
          "final_cache_len_ok": true,
          "max_abs_logit_error": 0.17332875728607178,
          "min_top1_top2_margin": 0.08151364326477051,
          "reference_ids": [
            31,
            53,
            30,
            52,
            60,
            55,
            55,
            55
          ],
          "sharded_ids": [
            31,
            53,
            30,
            52,
            60,
            55,
            55,
            55
          ]
        }
      ]
    },
    {
      "rank": 1,
      "device": "cpu",
      "requested": "cpu",
      "torch": "2.11.0",
      "hip": null,
      "cuda": null,
      "host": "Petruss-Mini",
      "layers": 2,
      "heads": 8,
      "local_heads": 4,
      "dim": 128,
      "hidden": 256,
      "local_hidden": 128,
      "vocab": 64,
      "collectives_per_token": 4,
      "collectives_total": 336,
      "cases": [
        {
          "prompt_len": 1,
          "chunks": 1,
          "generated": 8,
          "passed": true,
          "token_ids_match_reference": true,
          "cache_reset_reproducible": true,
          "final_cache_len_ok": true,
          "max_abs_logit_error": 1.2516975402832031e-06,
          "min_top1_top2_margin": 0.06350314617156982,
          "reference_ids": [
            0,
            38,
            27,
            62,
            62,
            60,
            55,
            55
          ],
          "sharded_ids": [
            0,
            38,
            27,
            62,
            62,
            60,
            55,
            55
          ]
        },
        {
          "prompt_len": 5,
          "chunks": 1,
          "generated": 8,
          "passed": false,
          "token_ids_match_reference": false,
          "cache_reset_reproducible": true,
          "final_cache_len_ok": true,
          "max_abs_logit_error": 3.132972240447998,
          "min_top1_top2_margin": 0.08418989181518555,
          "reference_ids": [
            0,
            51,
            62,
            62,
            62,
            62,
            62,
            62
          ],
          "sharded_ids": [
            0,
            51,
            31,
            52,
            60,
            55,
            55,
            55
          ]
        },
        {
          "prompt_len": 5,
          "chunks": 2,
          "generated": 8,
          "passed": false,
          "token_ids_match_reference": false,
          "cache_reset_reproducible": true,
          "final_cache_len_ok": true,
          "max_abs_logit_error": 2.641939878463745,
          "min_top1_top2_margin": 0.08418989181518555,
          "reference_ids": [
            0,
            51,
            62,
            62,
            62,
            62,
            62,
            62
          ],
          "sharded_ids": [
            0,
            55,
            55,
            55,
            55,
            55,
            55,
            55
          ]
        },
        {
          "prompt_len": 17,
          "chunks": 1,
          "generated": 8,
          "passed": false,
          "token_ids_match_reference": true,
          "cache_reset_reproducible": true,
          "final_cache_len_ok": true,
          "max_abs_logit_error": 0.19761480391025543,
          "min_top1_top2_margin": 0.08151364326477051,
          "reference_ids": [
            31,
            53,
            30,
            52,
            60,
            55,
            55,
            55
          ],
          "sharded_ids": [
            31,
            53,
            30,
            52,
            60,
            55,
            55,
            55
          ]
        },
        {
          "prompt_len": 17,
          "chunks": 2,
          "generated": 8,
          "passed": false,
          "token_ids_match_reference": true,
          "cache_reset_reproducible": true,
          "final_cache_len_ok": true,
          "max_abs_logit_error": 0.17332875728607178,
          "min_top1_top2_margin": 0.08151364326477051,
          "reference_ids": [
            31,
            53,
            30,
            52,
            60,
            55,
            55,
            55
          ],
          "sharded_ids": [
            31,
            53,
            30,
            52,
            60,
            55,
            55,
            55
          ]
        }
      ]
    }
  ]
}
